Flow report for DataPath
Wed Mar 20 18:34:51 2024
Quartus Prime Version 18.1.0 Build 625 09/12/2018 SJ Standard Edition


---------------------
; Table of Contents ;
---------------------
  1. Legal Notice
  2. Flow Summary
  3. Flow Settings
  4. Flow Non-Default Global Settings
  5. Flow Elapsed Time
  6. Flow OS Summary
  7. Flow Log
  8. Flow Messages
  9. Flow Suppressed Messages



----------------
; Legal Notice ;
----------------
Copyright (C) 2018  Intel Corporation. All rights reserved.
Your use of Intel Corporation's design tools, logic functions 
and other software and tools, and its AMPP partner logic 
functions, and any output files from any of the foregoing 
(including device programming or simulation files), and any 
associated documentation or information are expressly subject 
to the terms and conditions of the Intel Program License 
Subscription Agreement, the Intel Quartus Prime License Agreement,
the Intel FPGA IP License Agreement, or other applicable license
agreement, including, without limitation, that your use is for
the sole purpose of programming logic devices manufactured by
Intel and sold by Intel or its authorized distributors.  Please
refer to the applicable agreement for further details.



+-------------------------------------------------------------------------------+
; Flow Summary                                                                  ;
+-----------------------------+-------------------------------------------------+
; Flow Status                 ; Successful - Wed Mar 20 18:34:51 2024           ;
; Quartus Prime Version       ; 18.1.0 Build 625 09/12/2018 SJ Standard Edition ;
; Revision Name               ; DataPath                                        ;
; Top-level Entity Name       ; System                                          ;
; Family                      ; Cyclone V                                       ;
; Device                      ; 5CGXFC7C7F23C8                                  ;
; Timing Models               ; Final                                           ;
; Logic utilization (in ALMs) ; N/A until Partition Merge                       ;
; Total registers             ; N/A until Partition Merge                       ;
; Total pins                  ; N/A until Partition Merge                       ;
; Total virtual pins          ; N/A until Partition Merge                       ;
; Total block memory bits     ; N/A until Partition Merge                       ;
; Total PLLs                  ; N/A until Partition Merge                       ;
; Total DLLs                  ; N/A until Partition Merge                       ;
+-----------------------------+-------------------------------------------------+


+-----------------------------------------+
; Flow Settings                           ;
+-------------------+---------------------+
; Option            ; Setting             ;
+-------------------+---------------------+
; Start date & time ; 03/20/2024 18:34:44 ;
; Main task         ; Compilation         ;
; Revision Name     ; DataPath            ;
+-------------------+---------------------+


+------------------------------------------------------------------------------------------------------------------------------------------+
; Flow Non-Default Global Settings                                                                                                         ;
+--------------------------------------+----------------------------------------+---------------+-------------+----------------------------+
; Assignment Name                      ; Value                                  ; Default Value ; Entity Name ; Section Id                 ;
+--------------------------------------+----------------------------------------+---------------+-------------+----------------------------+
; COMPILER_SIGNATURE_ID                ; 273270824080177.171097408416908        ; --            ; --          ; --                         ;
; EDA_DESIGN_INSTANCE_NAME             ; NA                                     ; --            ; --          ; SystemTestBench_ALU        ;
; EDA_DESIGN_INSTANCE_NAME             ; NA                                     ; --            ; --          ; SystemTestBench_load_store ;
; EDA_DESIGN_INSTANCE_NAME             ; NA                                     ; --            ; --          ; SystemTestBench_mfhi_mflo  ;
; EDA_DESIGN_INSTANCE_NAME             ; NA                                     ; --            ; --          ; SystemTestBench_jr_jal     ;
; EDA_DESIGN_INSTANCE_NAME             ; NA                                     ; --            ; --          ; SystemTestBench_branch     ;
; EDA_NATIVELINK_SIMULATION_TEST_BENCH ; SystemTestBench_branch                 ; --            ; --          ; eda_simulation             ;
; EDA_OUTPUT_DATA_FORMAT               ; Verilog Hdl                            ; --            ; --          ; eda_simulation             ;
; EDA_SIMULATION_TOOL                  ; ModelSim-Altera (Verilog)              ; <None>        ; --          ; --                         ;
; EDA_TEST_BENCH_ENABLE_STATUS         ; TEST_BENCH_MODE                        ; --            ; --          ; eda_simulation             ;
; EDA_TEST_BENCH_FILE                  ; SystemTestBench_ALU.v                  ; --            ; --          ; SystemTestBench_ALU        ;
; EDA_TEST_BENCH_FILE                  ; SystemTestBench_load_store.v           ; --            ; --          ; SystemTestBench_load_store ;
; EDA_TEST_BENCH_FILE                  ; SystemTestBench_mfhi_mflo.v            ; --            ; --          ; SystemTestBench_mfhi_mflo  ;
; EDA_TEST_BENCH_FILE                  ; SystemTestBench_jr_jal.v               ; --            ; --          ; SystemTestBench_jr_jal     ;
; EDA_TEST_BENCH_FILE                  ; SystemTestBench_branch.v               ; --            ; --          ; SystemTestBench_branch     ;
; EDA_TEST_BENCH_MODULE_NAME           ; SystemTestBench_ALU                    ; --            ; --          ; SystemTestBench_ALU        ;
; EDA_TEST_BENCH_MODULE_NAME           ; SystemTestBench_load_store             ; --            ; --          ; SystemTestBench_load_store ;
; EDA_TEST_BENCH_MODULE_NAME           ; SystemTestBench_mfhi_mflo              ; --            ; --          ; SystemTestBench_mfhi_mflo  ;
; EDA_TEST_BENCH_MODULE_NAME           ; SystemTestBench_jr_jal                 ; --            ; --          ; SystemTestBench_jr_jal     ;
; EDA_TEST_BENCH_MODULE_NAME           ; SystemTestBench_branch                 ; --            ; --          ; SystemTestBench_branch     ;
; EDA_TEST_BENCH_NAME                  ; SystemTestBench_ALU                    ; --            ; --          ; eda_simulation             ;
; EDA_TEST_BENCH_NAME                  ; SystemTestBench_mfhi_mflo              ; --            ; --          ; eda_simulation             ;
; EDA_TEST_BENCH_NAME                  ; SystemTestBench_load_store             ; --            ; --          ; eda_simulation             ;
; EDA_TEST_BENCH_NAME                  ; SystemTestBench_branch                 ; --            ; --          ; eda_simulation             ;
; EDA_TEST_BENCH_NAME                  ; SystemTestBench_jr_jal                 ; --            ; --          ; eda_simulation             ;
; EDA_TEST_BENCH_RUN_SIM_FOR           ; 1000 ns                                ; --            ; --          ; SystemTestBench_ALU        ;
; EDA_TEST_BENCH_RUN_SIM_FOR           ; 1500 ns                                ; --            ; --          ; SystemTestBench_load_store ;
; EDA_TEST_BENCH_RUN_SIM_FOR           ; 1000 ns                                ; --            ; --          ; SystemTestBench_mfhi_mflo  ;
; EDA_TEST_BENCH_RUN_SIM_FOR           ; 1000 ns                                ; --            ; --          ; SystemTestBench_jr_jal     ;
; EDA_TEST_BENCH_RUN_SIM_FOR           ; 1000 ns                                ; --            ; --          ; SystemTestBench_branch     ;
; EDA_TIME_SCALE                       ; 1 ps                                   ; --            ; --          ; eda_simulation             ;
; MAX_CORE_JUNCTION_TEMP               ; 85                                     ; --            ; --          ; --                         ;
; MIN_CORE_JUNCTION_TEMP               ; 0                                      ; --            ; --          ; --                         ;
; PARTITION_COLOR                      ; -- (Not supported for targeted family) ; --            ; System      ; Top                        ;
; PARTITION_FITTER_PRESERVATION_LEVEL  ; -- (Not supported for targeted family) ; --            ; System      ; Top                        ;
; PARTITION_NETLIST_TYPE               ; -- (Not supported for targeted family) ; --            ; System      ; Top                        ;
; POWER_BOARD_THERMAL_MODEL            ; None (CONSERVATIVE)                    ; --            ; --          ; --                         ;
; POWER_PRESET_COOLING_SOLUTION        ; 23 MM HEAT SINK WITH 200 LFPM AIRFLOW  ; --            ; --          ; --                         ;
; TOP_LEVEL_ENTITY                     ; System                                 ; DataPath      ; --          ; --                         ;
+--------------------------------------+----------------------------------------+---------------+-------------+----------------------------+


+----------------------------------------------------------------------------------------------------------------------------+
; Flow Elapsed Time                                                                                                          ;
+------------------------+--------------+-------------------------+---------------------+------------------------------------+
; Module Name            ; Elapsed Time ; Average Processors Used ; Peak Virtual Memory ; Total CPU Time (on all processors) ;
+------------------------+--------------+-------------------------+---------------------+------------------------------------+
; Analysis & Elaboration ; 00:00:08     ; 1.0                     ; 4800 MB             ; 00:00:06                           ;
; Total                  ; 00:00:08     ; --                      ; --                  ; 00:00:06                           ;
+------------------------+--------------+-------------------------+---------------------+------------------------------------+


+--------------------------------------------------------------------------------------+
; Flow OS Summary                                                                      ;
+------------------------+------------------+------------+------------+----------------+
; Module Name            ; Machine Hostname ; OS Name    ; OS Version ; Processor type ;
+------------------------+------------------+------------+------------+----------------+
; Analysis & Elaboration ; WL214-09         ; Windows 10 ; 10.0       ; x86_64         ;
+------------------------+------------------+------------+------------+----------------+


------------
; Flow Log ;
------------
quartus_map --read_settings_files=on --write_settings_files=off CPU_Design -c DataPath --analysis_and_elaboration



